###############################################################################
#
# IAR ELF Linker V8.30.1.114/W32 for ARM                  04/Oct/2020  22:01:55
# Copyright 2007-2018 IAR Systems AB.
#
#    Output file  =  D:\STM\WaterMeter\Debug\Exe\WaterMeter.out
#    Map file     =  D:\STM\WaterMeter\Debug\List\WaterMeter.map
#    Command line =  
#        -f C:\Users\Vali\AppData\Local\Temp\EW851A.tmp
#        (D:\STM\WaterMeter\Debug\Obj\button.o
#        D:\STM\WaterMeter\Debug\Obj\Convert.o
#        D:\STM\WaterMeter\Debug\Obj\core_cm3.o
#        D:\STM\WaterMeter\Debug\Obj\delay.o
#        D:\STM\WaterMeter\Debug\Obj\diskio.o
#        D:\STM\WaterMeter\Debug\Obj\disp_common.o
#        D:\STM\WaterMeter\Debug\Obj\dispcolor.o
#        D:\STM\WaterMeter\Debug\Obj\Draw.o
#        D:\STM\WaterMeter\Debug\Obj\EXTI_isr.o
#        D:\STM\WaterMeter\Debug\Obj\f16f.o D:\STM\WaterMeter\Debug\Obj\f24f.o
#        D:\STM\WaterMeter\Debug\Obj\f32f.o D:\STM\WaterMeter\Debug\Obj\f64f.o
#        D:\STM\WaterMeter\Debug\Obj\f6x8m.o D:\STM\WaterMeter\Debug\Obj\ff.o
#        D:\STM\WaterMeter\Debug\Obj\ffsystem.o
#        D:\STM\WaterMeter\Debug\Obj\ffunicode.o
#        D:\STM\WaterMeter\Debug\Obj\font.o D:\STM\WaterMeter\Debug\Obj\gpio.o
#        D:\STM\WaterMeter\Debug\Obj\main.o
#        D:\STM\WaterMeter\Debug\Obj\MCU_config.o
#        D:\STM\WaterMeter\Debug\Obj\misc.o D:\STM\WaterMeter\Debug\Obj\rtc_.o
#        D:\STM\WaterMeter\Debug\Obj\SD_Card.o
#        D:\STM\WaterMeter\Debug\Obj\spim.o
#        D:\STM\WaterMeter\Debug\Obj\st7735.o
#        D:\STM\WaterMeter\Debug\Obj\st7789.o
#        D:\STM\WaterMeter\Debug\Obj\st77xx.o
#        D:\STM\WaterMeter\Debug\Obj\startup_stm32f10x_md.o
#        D:\STM\WaterMeter\Debug\Obj\stm32f10x_adc.o
#        D:\STM\WaterMeter\Debug\Obj\stm32f10x_bkp.o
#        D:\STM\WaterMeter\Debug\Obj\stm32f10x_can.o
#        D:\STM\WaterMeter\Debug\Obj\stm32f10x_crc.o
#        D:\STM\WaterMeter\Debug\Obj\stm32f10x_dac.o
#        D:\STM\WaterMeter\Debug\Obj\stm32f10x_dbgmcu.o
#        D:\STM\WaterMeter\Debug\Obj\stm32f10x_dma.o
#        D:\STM\WaterMeter\Debug\Obj\stm32f10x_exti.o
#        D:\STM\WaterMeter\Debug\Obj\stm32f10x_flash.o
#        D:\STM\WaterMeter\Debug\Obj\stm32f10x_fsmc.o
#        D:\STM\WaterMeter\Debug\Obj\stm32f10x_gpio.o
#        D:\STM\WaterMeter\Debug\Obj\stm32f10x_i2c.o
#        D:\STM\WaterMeter\Debug\Obj\stm32f10x_it.o
#        D:\STM\WaterMeter\Debug\Obj\stm32f10x_iwdg.o
#        D:\STM\WaterMeter\Debug\Obj\stm32f10x_pwr.o
#        D:\STM\WaterMeter\Debug\Obj\stm32f10x_rcc.o
#        D:\STM\WaterMeter\Debug\Obj\stm32f10x_rtc.o
#        D:\STM\WaterMeter\Debug\Obj\stm32f10x_sdio.o
#        D:\STM\WaterMeter\Debug\Obj\stm32f10x_spi.o
#        D:\STM\WaterMeter\Debug\Obj\stm32f10x_tim.o
#        D:\STM\WaterMeter\Debug\Obj\stm32f10x_usart.o
#        D:\STM\WaterMeter\Debug\Obj\stm32f10x_wwdg.o
#        D:\STM\WaterMeter\Debug\Obj\system_stm32f10x.o
#        D:\STM\WaterMeter\Debug\Obj\systick_timer.o
#        D:\STM\WaterMeter\Debug\Obj\tick_timer_isr.o
#        D:\STM\WaterMeter\Debug\Obj\tmr2.o --no_out_extension -o
#        D:\STM\WaterMeter\Debug\Exe\WaterMeter.out --map
#        D:\STM\WaterMeter\Debug\List\WaterMeter.map --log
#        libraries,initialization,modules,redirects,sections,veneers,unused_fragments
#        --log_file D:\STM\WaterMeter\Debug\List\WaterMeter.log --config
#        "C:\Program Files\IAR Systems\Embedded Workbench
#        8.1\arm\config\linker\ST\stm32f103x8.icf" --semihosting --entry
#        __iar_program_start --vfe --text_out locale)
#
###############################################################################

*******************************************************************************
*** RUNTIME MODEL ATTRIBUTES
***

CppFlavor       = *
__SystemLibrary = DLib
__dlib_version  = 6


*******************************************************************************
*** HEAP SELECTION
***

The basic heap was selected because no calls to memory allocation
functions were found in the application outside of system library
functions, and there are calls to deallocation functions in the
application.


*******************************************************************************
*** PLACEMENT SUMMARY
***

"A0":  place at 0x800'0000 { ro section .intvec };
"P1":  place in [from 0x800'0000 to 0x800'ffff] { ro };
define block CSTACK with size = 2K, alignment = 8 { };
define block HEAP with size = 2K, alignment = 8 { };
"P2":  place in [from 0x2000'0000 to 0x2000'4fff] {
          rw, block CSTACK, block HEAP };
initialize by copy { rw };

  Section            Kind         Address    Size  Object
  -------            ----         -------    ----  ------
"A0":                                        0xec
  .intvec            ro code   0x800'0000    0xec  startup_stm32f10x_md.o [1]
                             - 0x800'00ec    0xec

"P1":                                      0xf2c8
  .text              ro code   0x800'00ec  0x2c6e  ff.o [1]
  .text              ro code   0x800'2d5a    0x3a  zero_init3.o [4]
  .text              ro code   0x800'2d94   0x16c  ffunicode.o [1]
  .text              ro code   0x800'2f00   0x5cc  diskio.o [1]
  .text              ro code   0x800'34cc    0x94  gpio.o [1]
  .text              ro code   0x800'3560   0x190  stm32f10x_gpio.o [1]
  .text              ro code   0x800'36f0    0xdc  delay.o [1]
  .text              ro code   0x800'37cc   0x3ac  spim.o [1]
  .text              ro code   0x800'3b78   0x12c  stm32f10x_rcc.o [1]
  .text              ro code   0x800'3ca4     0xc  systick_timer.o [1]
  .text              ro code   0x800'3cb0   0x120  stm32f10x_spi.o [1]
  .text              ro code   0x800'3dd0    0x44  stm32f10x_dma.o [1]
  .rodata            const     0x800'3e14  0x2200  f16f.o [1]
  .rodata            const     0x800'6014  0x1b38  f64f.o [1]
  .text              ro code   0x800'7b4c   0xe26  xprintffull_nomb.o [2]
  .text              ro code   0x800'8972    0x1a  xsnprout.o [2]
  .text              ro code   0x800'898c    0x16  strchr.o [4]
  .text              ro code   0x800'89a4    0x40  xfail_s.o [2]
  .text              ro code   0x800'89e4    0x36  strlen.o [4]
  .text              ro code   0x800'8a1c    0x58  memchr.o [4]
  .text              ro code   0x800'8a74   0x230  I64DivMod.o [4]
  .text              ro code   0x800'8ca4   0x1a2  DblMul.o [3]
  .text              ro code   0x800'8e48    0xa6  ABImemcpy.o [4]
  .text              ro code   0x800'8ef0    0x70  frexp.o [3]
  .text              ro code   0x800'8f60    0x2e  DblCmpLe.o [3]
  .text              ro code   0x800'8f90    0x2e  DblCmpGe.o [3]
  .text              ro code   0x800'8fc0   0x13a  ldexp.o [3]
  .text              ro code   0x800'90fc    0x3a  DblToS32.o [3]
  .text              ro code   0x800'9138    0x22  S32ToDbl.o [3]
  .text              ro code   0x800'915c    0xe2  DblSub.o [3]
  .text              ro code   0x800'9240   0x246  DblDiv.o [3]
  .text              ro code   0x800'9488    0x28  DblToU32.o [3]
  .text              ro code   0x800'94b0    0x1a  U32ToDbl.o [3]
  .text              ro code   0x800'94ca     0x6  abort.o [2]
  .text              ro code   0x800'94d0     0x2  I64DivZer.o [4]
  .text              ro code   0x800'94d4   0x16a  DblAdd.o [3]
  .text              ro code   0x800'9640    0x14  exit.o [5]
  .text              ro code   0x800'9654   0xc4c  Draw.o [1]
  .text              ro code   0x800'a2a0   0x7b6  dispcolor.o [1]
  .text              ro code   0x800'aa58   0x80c  Convert.o [1]
  .text              ro code   0x800'b264    0x1c  FltCmpEq.o [3]
  .text              ro code   0x800'b280    0x24  FltCmpGe.o [3]
  .text              ro code   0x800'b2a4    0x68  disp_common.o [1]
  .text              ro code   0x800'b30c     0x8  abs.o [2]
  .text              ro code   0x800'b314    0x26  font.o [1]
  .text              ro code   0x800'b33c    0x3c  vsnprint.o [2]
  .text              ro code   0x800'b378    0xb8  stm32f10x_rtc.o [1]
  .text              ro code   0x800'b430    0x24  S32ToFlt.o [3]
  .text              ro code   0x800'b454    0xfc  FltDiv.o [3]
  .text              ro code   0x800'b550    0xe2  FltAdd.o [3]
  .text              ro code   0x800'b634    0x1c  U32ToFlt.o [3]
  .text              ro code   0x800'b650    0xd8  FltMul.o [3]
  .text              ro code   0x800'b728    0x80  FltSub.o [3]
  .text              ro code   0x800'b7a8    0x22  FltToU32.o [3]
  .text              ro code   0x800'b7cc    0x2a  FltToS32.o [3]
  .text              ro code   0x800'b7f8    0x94  st7789.o [1]
  .text              ro code   0x800'b88c   0x434  st77xx.o [1]
  .text              ro code   0x800'bcc0   0x204  tmr2.o [1]
  .text              ro code   0x800'bec4   0x388  stm32f10x_tim.o [1]
  .rodata            const     0x800'c24c   0xa00  f6x8m.o [1]
  .text              ro code   0x800'cc4c   0x968  main.o [1]
  .text              ro code   0x800'd5b4   0x10c  system_stm32f10x.o [1]
  .text              ro code   0x800'd6c0   0x1c0  MCU_config.o [1]
  .text              ro code   0x800'd880    0x20  stm32f10x_bkp.o [1]
  .text              ro code   0x800'd8a0   0x2b8  rtc_.o [1]
  .text              ro code   0x800'db58    0xd0  SD_Card.o [1]
  .text              ro code   0x800'dc28    0x80  button.o [1]
  .text              ro code   0x800'dca8   0x32c  tick_timer_isr.o [1]
  .text              ro code   0x800'dfd4   0x144  EXTI_isr.o [1]
  .text              ro code   0x800'e118    0x84  misc.o [1]
  .text              ro code   0x800'e19c    0x30  strstr.o [2]
  .text              ro code   0x800'e1cc    0xc4  stm32f10x_exti.o [1]
  .rodata            const     0x800'e290   0x6f8  f32f.o [1]
  .rodata            const     0x800'e988   0x228  f24f.o [1]
  .rodata            const     0x800'ebb0   0x1f4  ffunicode.o [1]
  .rodata            const     0x800'eda4   0x100  ffunicode.o [1]
  .rodata            const     0x800'eea4    0xbc  ffunicode.o [1]
  .rodata            const     0x800'ef60    0x80  ff.o [1]
  Initializer bytes  const     0x800'efe0    0x3c  <for P2-1>
  .text              ro code   0x800'f01c    0x38  stm32f10x_it.o [1]
  .text              ro code   0x800'f054    0x30  f64f.o [1]
  .text              ro code   0x800'f084    0x2c  f24f.o [1]
  .text              ro code   0x800'f0b0    0x2c  f32f.o [1]
  .text              ro code   0x800'f0dc    0x2c  copy_init3.o [4]
  .text              ro code   0x800'f108    0x28  data_init.o [4]
  .iar.init_table    const     0x800'f130    0x24  - Linker created -
  .text              ro code   0x800'f154    0x1e  cmain.o [4]
  .text              ro code   0x800'f172     0x4  low_level_init.o [2]
  .text              ro code   0x800'f176     0x4  exit.o [2]
  .text              ro code   0x800'f17c     0xa  cexit.o [4]
  .rodata            const     0x800'f188    0x14  Draw.o [1]
  .rodata            const     0x800'f19c    0x14  Draw.o [1]
  .rodata            const     0x800'f1b0    0x14  Draw.o [1]
  .rodata            const     0x800'f1c4    0x14  font.o [1]
  .rodata            const     0x800'f1d8    0x10  Draw.o [1]
  .rodata            const     0x800'f1e8    0x10  ff.o [1]
  .text              ro code   0x800'f1f8    0x10  f16f.o [1]
  .text              ro code   0x800'f208    0x10  f6x8m.o [1]
  .rodata            const     0x800'f218     0xc  Draw.o [1]
  .rodata            const     0x800'f224     0xc  Draw.o [1]
  .rodata            const     0x800'f230     0xc  Draw.o [1]
  .rodata            const     0x800'f23c     0xc  Draw.o [1]
  .rodata            const     0x800'f248     0xc  ff.o [1]
  .rodata            const     0x800'f254     0xc  ff.o [1]
  .text              ro code   0x800'f260     0xc  cstartup_M.o [4]
  .rodata            const     0x800'f26c     0x8  Draw.o [1]
  .rodata            const     0x800'f274     0x8  Draw.o [1]
  .rodata            const     0x800'f27c     0x8  Draw.o [1]
  .rodata            const     0x800'f284     0x8  Draw.o [1]
  .rodata            const     0x800'f28c     0x8  Draw.o [1]
  .rodata            const     0x800'f294     0x8  Draw.o [1]
  .rodata            const     0x800'f29c     0x8  Draw.o [1]
  .rodata            const     0x800'f2a4     0x8  Draw.o [1]
  .rodata            const     0x800'f2ac     0x8  Draw.o [1]
  .rodata            const     0x800'f2b4     0x8  ff.o [1]
  .rodata            const     0x800'f2bc     0x8  ff.o [1]
  .rodata            const     0x800'f2c4     0x8  SD_Card.o [1]
  .rodata            const     0x800'f2cc     0x8  SD_Card.o [1]
  .rodata            const     0x800'f2d4     0x8  SD_Card.o [1]
  .rodata            const     0x800'f2dc     0x8  SD_Card.o [1]
  .text              ro code   0x800'f2e4     0x4  startup_stm32f10x_md.o [1]
  .text              ro code   0x800'f2e8     0x4  startup_stm32f10x_md.o [1]
  .text              ro code   0x800'f2ec     0x4  startup_stm32f10x_md.o [1]
  .text              ro code   0x800'f2f0     0x4  startup_stm32f10x_md.o [1]
  .text              ro code   0x800'f2f4     0x4  startup_stm32f10x_md.o [1]
  .text              ro code   0x800'f2f8     0x4  startup_stm32f10x_md.o [1]
  .text              ro code   0x800'f2fc     0x4  startup_stm32f10x_md.o [1]
  .text              ro code   0x800'f300     0x4  startup_stm32f10x_md.o [1]
  .text              ro code   0x800'f304     0x4  startup_stm32f10x_md.o [1]
  .text              ro code   0x800'f308     0x4  startup_stm32f10x_md.o [1]
  .text              ro code   0x800'f30c     0x4  startup_stm32f10x_md.o [1]
  .text              ro code   0x800'f310     0x4  startup_stm32f10x_md.o [1]
  .text              ro code   0x800'f314     0x4  startup_stm32f10x_md.o [1]
  .text              ro code   0x800'f318     0x4  startup_stm32f10x_md.o [1]
  .text              ro code   0x800'f31c     0x4  startup_stm32f10x_md.o [1]
  .text              ro code   0x800'f320     0x4  startup_stm32f10x_md.o [1]
  .text              ro code   0x800'f324     0x4  startup_stm32f10x_md.o [1]
  .text              ro code   0x800'f328     0x4  startup_stm32f10x_md.o [1]
  .text              ro code   0x800'f32c     0x4  startup_stm32f10x_md.o [1]
  .text              ro code   0x800'f330     0x4  startup_stm32f10x_md.o [1]
  .text              ro code   0x800'f334     0x4  startup_stm32f10x_md.o [1]
  .text              ro code   0x800'f338     0x4  startup_stm32f10x_md.o [1]
  .text              ro code   0x800'f33c     0x4  startup_stm32f10x_md.o [1]
  .text              ro code   0x800'f340     0x4  startup_stm32f10x_md.o [1]
  .text              ro code   0x800'f344     0x4  startup_stm32f10x_md.o [1]
  .text              ro code   0x800'f348     0x4  startup_stm32f10x_md.o [1]
  .text              ro code   0x800'f34c     0x4  startup_stm32f10x_md.o [1]
  .text              ro code   0x800'f350     0x4  startup_stm32f10x_md.o [1]
  .text              ro code   0x800'f354     0x4  startup_stm32f10x_md.o [1]
  .text              ro code   0x800'f358     0x4  startup_stm32f10x_md.o [1]
  .text              ro code   0x800'f35c     0x4  startup_stm32f10x_md.o [1]
  .text              ro code   0x800'f360     0x4  startup_stm32f10x_md.o [1]
  .text              ro code   0x800'f364     0x4  startup_stm32f10x_md.o [1]
  .text              ro code   0x800'f368     0x4  startup_stm32f10x_md.o [1]
  .text              ro code   0x800'f36c     0x4  startup_stm32f10x_md.o [1]
  .text              ro code   0x800'f370     0x4  startup_stm32f10x_md.o [1]
  .text              ro code   0x800'f374     0x4  startup_stm32f10x_md.o [1]
  .text              ro code   0x800'f378     0x4  startup_stm32f10x_md.o [1]
  .text              ro code   0x800'f37c     0x4  startup_stm32f10x_md.o [1]
  .text              ro code   0x800'f380     0x4  startup_stm32f10x_md.o [1]
  .text              ro code   0x800'f384     0x4  startup_stm32f10x_md.o [1]
  .text              ro code   0x800'f388     0x4  startup_stm32f10x_md.o [1]
  .text              ro code   0x800'f38c     0x4  startup_stm32f10x_md.o [1]
  .text              ro code   0x800'f390     0x4  startup_stm32f10x_md.o [1]
  .text              ro code   0x800'f394     0x4  startup_stm32f10x_md.o [1]
  .text              ro code   0x800'f398     0x4  startup_stm32f10x_md.o [1]
  .text              ro code   0x800'f39c     0x4  startup_stm32f10x_md.o [1]
  .text              ro code   0x800'f3a0     0x4  startup_stm32f10x_md.o [1]
  .text              ro code   0x800'f3a4     0x4  startup_stm32f10x_md.o [1]
  .text              ro code   0x800'f3a8     0x4  startup_stm32f10x_md.o [1]
  .text              ro code   0x800'f3ac     0x4  startup_stm32f10x_md.o [1]
  .text              ro code   0x800'f3b0     0x4  startup_stm32f10x_md.o [1]
  .rodata            const     0x800'f3b4     0x0  zero_init3.o [4]
  .rodata            const     0x800'f3b4     0x0  copy_init3.o [4]
                             - 0x800'f3b4  0xf2c8

"P2", part 1 of 3:                           0x3c
  P2-1                        0x2000'0000    0x3c  <Init block>
    .data            inited   0x2000'0000     0x4  main.o [1]
    .data            inited   0x2000'0004     0x4  main.o [1]
    .data            inited   0x2000'0008     0x4  main.o [1]
    .data            inited   0x2000'000c     0x4  main.o [1]
    .data            inited   0x2000'0010     0x4  main.o [1]
    .data            inited   0x2000'0014     0x4  main.o [1]
    .data            inited   0x2000'0018     0x8  main.o [1]
    .data            inited   0x2000'0020    0x10  stm32f10x_rcc.o [1]
    .data            inited   0x2000'0030     0x4  stm32f10x_rcc.o [1]
    .data            inited   0x2000'0034     0x1  diskio.o [1]
    .data            inited   0x2000'0035     0x1  main.o [1]
    .data            inited   0x2000'0036     0x1  main.o [1]
    .data            inited   0x2000'0037     0x1  main.o [1]
    .data            inited   0x2000'0038     0x1  main.o [1]
    .data            inited   0x2000'0039     0x1  main.o [1]
    .data            inited   0x2000'003a     0x1  tick_timer_isr.o [1]
    .data            inited   0x2000'003b     0x1  tick_timer_isr.o [1]
                            - 0x2000'003c    0x3c

"P2", part 2 of 3:                          0x594
  .bss               zero     0x2000'003c   0x260  ff.o [1]
  .bss               zero     0x2000'029c   0x200  ff.o [1]
  .bss               zero     0x2000'049c    0x40  delay.o [1]
  .bss               zero     0x2000'04dc    0x1c  SD_Card.o [1]
  .bss               zero     0x2000'04f8    0x10  delay.o [1]
  .bss               zero     0x2000'0508     0x8  main.o [1]
  .bss               zero     0x2000'0510     0x8  main.o [1]
  .bss               zero     0x2000'0518     0x8  main.o [1]
  .bss               zero     0x2000'0520     0x4  Convert.o [1]
  .bss               zero     0x2000'0524     0x4  delay.o [1]
  .bss               zero     0x2000'0528     0x4  delay.o [1]
  .bss               zero     0x2000'052c     0x4  diskio.o [1]
  .bss               zero     0x2000'0530     0x4  diskio.o [1]
  .bss               zero     0x2000'0534     0x4  ff.o [1]
  .bss               zero     0x2000'0538     0x4  main.o [1]
  .bss               zero     0x2000'053c     0x4  main.o [1]
  .bss               zero     0x2000'0540     0x4  main.o [1]
  .bss               zero     0x2000'0544     0x4  main.o [1]
  .bss               zero     0x2000'0548     0x4  main.o [1]
  .bss               zero     0x2000'054c     0x4  main.o [1]
  .bss               zero     0x2000'0550     0x4  main.o [1]
  .bss               zero     0x2000'0554     0x4  main.o [1]
  .bss               zero     0x2000'0558     0x4  main.o [1]
  .bss               zero     0x2000'055c     0x4  main.o [1]
  .bss               zero     0x2000'0560     0x4  main.o [1]
  .bss               zero     0x2000'0564     0x4  main.o [1]
  .bss               zero     0x2000'0568     0x4  main.o [1]
  .bss               zero     0x2000'056c     0x4  spim.o [1]
  .bss               zero     0x2000'0570     0x4  spim.o [1]
  .bss               zero     0x2000'0574     0x4  spim.o [1]
  .bss               zero     0x2000'0578     0x4  spim.o [1]
  .bss               zero     0x2000'057c     0x4  systick_timer.o [1]
  .bss               zero     0x2000'0580     0x4  tick_timer_isr.o [1]
  .bss               zero     0x2000'0584     0x4  tick_timer_isr.o [1]
  .bss               zero     0x2000'0588     0x4  tick_timer_isr.o [1]
  .bss               zero     0x2000'058c     0x4  tick_timer_isr.o [1]
  .bss               zero     0x2000'0590     0x4  tick_timer_isr.o [1]
  .bss               zero     0x2000'0594     0x4  tick_timer_isr.o [1]
  .bss               zero     0x2000'0598     0x4  tick_timer_isr.o [1]
  .bss               zero     0x2000'059c     0x4  tick_timer_isr.o [1]
  .bss               zero     0x2000'05a0     0x4  tick_timer_isr.o [1]
  .bss               zero     0x2000'05a4     0x4  tick_timer_isr.o [1]
  .bss               zero     0x2000'05a8     0x4  tmr2.o [1]
  .bss               zero     0x2000'05ac     0x4  tmr2.o [1]
  .bss               zero     0x2000'05b0     0x4  xfail_s.o [2]
  .bss               zero     0x2000'05b4     0x2  ff.o [1]
  .bss               zero     0x2000'05b6     0x2  main.o [1]
  .bss               zero     0x2000'05b8     0x2  spim.o [1]
  .bss               zero     0x2000'05ba     0x2  spim.o [1]
  .bss               zero     0x2000'05bc     0x1  button.o [1]
  .bss               zero     0x2000'05bd     0x1  button.o [1]
  .bss               zero     0x2000'05be     0x1  button.o [1]
  .bss               zero     0x2000'05bf     0x1  button.o [1]
  .bss               zero     0x2000'05c0     0x1  Convert.o [1]
  .bss               zero     0x2000'05c1     0x1  Convert.o [1]
  .bss               zero     0x2000'05c2     0x1  delay.o [1]
  .bss               zero     0x2000'05c3     0x1  diskio.o [1]
  .bss               zero     0x2000'05c4     0x1  ff.o [1]
  .bss               zero     0x2000'05c5     0x1  main.o [1]
  .bss               zero     0x2000'05c6     0x1  main.o [1]
  .bss               zero     0x2000'05c7     0x1  main.o [1]
  .bss               zero     0x2000'05c8     0x1  main.o [1]
  .bss               zero     0x2000'05c9     0x1  main.o [1]
  .bss               zero     0x2000'05ca     0x1  main.o [1]
  .bss               zero     0x2000'05cb     0x1  spim.o [1]
  .bss               zero     0x2000'05cc     0x1  st77xx.o [1]
  .bss               zero     0x2000'05cd     0x1  st77xx.o [1]
  .bss               zero     0x2000'05ce     0x1  st77xx.o [1]
  .bss               zero     0x2000'05cf     0x1  st77xx.o [1]
                            - 0x2000'05d0   0x594

"P2", part 3 of 3:                          0x800
  CSTACK                      0x2000'05d0   0x800  <Block>
    CSTACK           uninit   0x2000'05d0   0x800  <Block tail>
                            - 0x2000'0dd0   0x800

Unused ranges:

         From           To    Size
         ----           --    ----
   0x800'f3b4   0x800'ffff   0xc4c
  0x2000'0dd0  0x2000'4fff  0x4230


*******************************************************************************
*** INIT TABLE
***

          Address      Size
          -------      ----
Zero (__iar_zero_init3)
    1 destination range, total size 0x594:
          0x2000'003c  0x594

Copy (__iar_copy_init3)
    1 source range, total size 0x3c:
           0x800'efe0   0x3c
    1 destination range, total size 0x3c:
          0x2000'0000   0x3c



*******************************************************************************
*** MODULE SUMMARY
***

    Module                  ro code  ro data  rw data
    ------                  -------  -------  -------
command line/config:
    -------------------------------------------------
    Total:

D:\STM\WaterMeter\Debug\Obj: [1]
    Convert.o                 2 060                 6
    Draw.o                    3 148      196
    EXTI_isr.o                  324
    MCU_config.o                448
    SD_Card.o                   208       32       28
    button.o                    128                 4
    delay.o                     220                89
    diskio.o                  1 484        1       10
    disp_common.o               104
    dispcolor.o               1 974
    f16f.o                       16    8 704
    f24f.o                       44      552
    f32f.o                       44    1 784
    f64f.o                       48    6 968
    f6x8m.o                      16    2 560
    ff.o                     11 374      184    1 127
    ffunicode.o                 364      944
    font.o                       38       20
    gpio.o                      148
    main.o                    2 408       37      121
    misc.o                      132
    rtc_.o                      696
    spim.o                      940                21
    st7789.o                    148
    st77xx.o                  1 076                 4
    startup_stm32f10x_md.o      444
    stm32f10x_bkp.o              32
    stm32f10x_dma.o              68
    stm32f10x_exti.o            196
    stm32f10x_gpio.o            400
    stm32f10x_it.o               56
    stm32f10x_rcc.o             300       20       20
    stm32f10x_rtc.o             184
    stm32f10x_spi.o             288
    stm32f10x_tim.o             904
    system_stm32f10x.o          268
    systick_timer.o              12                 4
    tick_timer_isr.o            812        2       42
    tmr2.o                      516                 8
    -------------------------------------------------
    Total:                   32 070   22 004    1 484

dl7M_tln.a: [2]
    abort.o                       6
    abs.o                         8
    exit.o                        4
    low_level_init.o              4
    strstr.o                     48
    vsnprint.o                   60
    xfail_s.o                    64                 4
    xprintffull_nomb.o        3 622
    xsnprout.o                   26
    -------------------------------------------------
    Total:                    3 842                 4

m7M_tl.a: [3]
    DblAdd.o                    362
    DblCmpGe.o                   46
    DblCmpLe.o                   46
    DblDiv.o                    582
    DblMul.o                    418
    DblSub.o                    226
    DblToS32.o                   58
    DblToU32.o                   40
    FltAdd.o                    226
    FltCmpEq.o                   28
    FltCmpGe.o                   36
    FltDiv.o                    252
    FltMul.o                    216
    FltSub.o                    128
    FltToS32.o                   42
    FltToU32.o                   34
    S32ToDbl.o                   34
    S32ToFlt.o                   36
    U32ToDbl.o                   26
    U32ToFlt.o                   28
    frexp.o                     112
    ldexp.o                     314
    -------------------------------------------------
    Total:                    3 290

rt7M_tl.a: [4]
    ABImemcpy.o                 166
    I64DivMod.o                 560
    I64DivZer.o                   2
    cexit.o                      10
    cmain.o                      30
    copy_init3.o                 44
    cstartup_M.o                 12
    data_init.o                  40
    memchr.o                     88
    strchr.o                     22
    strlen.o                     54
    zero_init3.o                 58
    -------------------------------------------------
    Total:                    1 086

shb_l.a: [5]
    exit.o                       20
    -------------------------------------------------
    Total:                       20

    Gaps                         38        2
    Linker created                        36    2 048
-----------------------------------------------------
    Grand Total:             40 346   22 042    3 536


*******************************************************************************
*** ENTRY LIST
***

Entry                       Address    Size  Type      Object
-----                       -------    ----  ----      ------
.iar.init_table$$Base    0x800'f130           --   Gb  - Linker created -
.iar.init_table$$Limit   0x800'f154           --   Gb  - Linker created -
?main                    0x800'f155          Code  Gb  cmain.o [4]
ADCPrescTable           0x2000'0030     0x4  Data  Lc  stm32f10x_rcc.o [1]
APBAHBPrescTable        0x2000'0020    0x10  Data  Lc  stm32f10x_rcc.o [1]
BKP_ReadBackupRegister   0x800'd891    0x10  Code  Gb  stm32f10x_bkp.o [1]
BKP_WriteBackupRegister
                         0x800'd881    0x10  Code  Gb  stm32f10x_bkp.o [1]
BusFault_Handler         0x800'f023     0x2  Code  Gb  stm32f10x_it.o [1]
CSTACK$$Base            0x2000'05d0           --   Gb  - Linker created -
CSTACK$$Limit           0x2000'0dd0           --   Gb  - Linker created -
CardType                0x2000'05c3     0x1  Data  Lc  diskio.o [1]
Comparator               0x800'ce9f    0x54  Code  Gb  main.o [1]
CurrVol                 0x2000'05c4     0x1  Data  Lc  ff.o [1]
DMA1_Channel2_IRQHandler
                         0x800'3acf    0x26  Code  Gb  spim.o [1]
DMA1_Channel3_IRQHandler
                         0x800'3af5    0x18  Code  Gb  spim.o [1]
DMA1_Channel4_IRQHandler
                         0x800'3b0d    0x2a  Code  Gb  spim.o [1]
DMA1_Channel5_IRQHandler
                         0x800'3b61    0x18  Code  Gb  spim.o [1]
DMA_ClearITPendingBit    0x800'3df3    0x10  Code  Gb  stm32f10x_dma.o [1]
DMA_GetITStatus          0x800'3dd1    0x22  Code  Gb  stm32f10x_dma.o [1]
Data_Water_Expense      0x2000'04dc    0x1c  Data  Gb  SD_Card.o [1]
DebugMon_Handler         0x800'f029     0x2  Code  Gb  stm32f10x_it.o [1]
DirBuf                  0x2000'003c   0x260  Data  Lc  ff.o [1]
Draw_Main_screen         0x800'9721    0xfa  Code  Gb  Draw.o [1]
Draw_Menu                0x800'9a87    0x40  Code  Gb  Draw.o [1]
Draw_Menu_Clock          0x800'9ac7    0xb6  Code  Gb  Draw.o [1]
Draw_Menu_Date           0x800'9b7d    0xfa  Code  Gb  Draw.o [1]
Draw_Menu_Exit           0x800'a01d    0x40  Code  Gb  Draw.o [1]
Draw_Menu_ExitMenuTime   0x800'9dd9    0xb6  Code  Gb  Draw.o [1]
Draw_Menu_ResetCurrentTime
                         0x800'9d23    0xb6  Code  Gb  Draw.o [1]
Draw_Menu_SleepTime      0x800'9e95    0xb4  Code  Gb  Draw.o [1]
Draw_Menu_SpeedUnit      0x800'9c77    0xac  Code  Gb  Draw.o [1]
Draw_Month_Measurements
                         0x800'99d3    0x3c  Code  Gb  Draw.o [1]
Draw_SleepMode_Clock     0x800'a097    0xa6  Code  Gb  Draw.o [1]
Draw_waitScreen          0x800'a05d    0x3a  Code  Gb  Draw.o [1]
EXTI0_IRQHandler         0x800'e057    0x24  Code  Gb  EXTI_isr.o [1]
EXTI4_IRQHandler         0x800'e07b    0x24  Code  Gb  EXTI_isr.o [1]
EXTI9_5_IRQHandler       0x800'e09f    0x66  Code  Gb  EXTI_isr.o [1]
EXTI_ClearITPendingBit   0x800'e275     0x6  Code  Gb  stm32f10x_exti.o [1]
EXTI_GetITStatus         0x800'e24f    0x26  Code  Gb  stm32f10x_exti.o [1]
EXTI_Init                0x800'e1cd    0x82  Code  Gb  stm32f10x_exti.o [1]
EXTInt_Init              0x800'dfd5    0x82  Code  Gb  EXTI_isr.o [1]
Erase_measurements       0x800'9a0f    0x78  Code  Gb  Draw.o [1]
ExCvt                    0x800'ef60    0x80  Data  Lc  ff.o [1]
FatFs                   0x2000'0534     0x4  Data  Lc  ff.o [1]
Fsid                    0x2000'05b4     0x2  Data  Lc  ff.o [1]
GPIO_EXTILineConfig      0x800'3695    0x52  Code  Gb  stm32f10x_gpio.o [1]
GPIO_EventOutputConfig   0x800'3673    0x22  Code  Gb  stm32f10x_gpio.o [1]
GPIO_Init                0x800'3561    0xea  Code  Gb  stm32f10x_gpio.o [1]
GPIO_ResetBits           0x800'3653     0x8  Code  Gb  stm32f10x_gpio.o [1]
GPIO_SetBits             0x800'364b     0x8  Code  Gb  stm32f10x_gpio.o [1]
GPIO_WriteBit            0x800'365b    0x18  Code  Gb  stm32f10x_gpio.o [1]
GPIOs_Init               0x800'd775    0x82  Code  Gb  MCU_config.o [1]
GetSysTickTimer_ms       0x800'3ca5     0xc  Code  Gb  systick_timer.o [1]
HardFault_Handler        0x800'f01f     0x2  Code  Gb  stm32f10x_it.o [1]
LfnBuf                  0x2000'029c   0x200  Data  Lc  ff.o [1]
LfnOfs                   0x800'f1e8    0x10  Data  Lc  ff.o [1]
LoadInt                  0x800'7cfb    0x7a  Code  Lc  xprintffull_nomb.o [2]
MCU_Init                 0x800'd7f7    0x54  Code  Gb  MCU_config.o [1]
Max_days                 0x800'cef3    0x92  Code  Gb  main.o [1]
Max_days_for_month      0x2000'0035     0x1  Data  Gb  main.o [1]
MemManage_Handler        0x800'f021     0x2  Code  Gb  stm32f10x_it.o [1]
NMI_Handler              0x800'f01d     0x2  Code  Gb  stm32f10x_it.o [1]
NVIC_EnableIRQ           0x800'dca9    0x16  Code  Lc  tick_timer_isr.o [1]
NVIC_Init                0x800'e123    0x66  Code  Gb  misc.o [1]
NVIC_PriorityGroupConfig
                         0x800'e119     0xa  Code  Gb  misc.o [1]
NVIC_SetPriority         0x800'd6c1    0x2c  Code  Lc  MCU_config.o [1]
PIN_CONFIG               0x800'd71d    0x20  Code  Gb  MCU_config.o [1]
PRTC_DateTime           0x2000'0510     0x8  Data  Gb  main.o [1]
PSleepRTC_DateTime      0x2000'0518     0x8  Data  Gb  main.o [1]
PendSV_Handler           0x800'f02b     0x2  Code  Gb  stm32f10x_it.o [1]
RCC_APB1PeriphClockCmd   0x800'3c6d    0x1c  Code  Gb  stm32f10x_rcc.o [1]
RCC_APB2PeriphClockCmd   0x800'3c51    0x1c  Code  Gb  stm32f10x_rcc.o [1]
RCC_GetClocksFreq        0x800'3b79    0xd8  Code  Gb  stm32f10x_rcc.o [1]
RCC_Init                 0x800'd73d    0x1a  Code  Gb  MCU_config.o [1]
RCapRect                 0x800'9655    0xcc  Code  Gb  Draw.o [1]
RTC_ClearITPendingBit    0x800'b40f     0xa  Code  Gb  stm32f10x_rtc.o [1]
RTC_DateTime            0x2000'0508     0x8  Data  Gb  main.o [1]
RTC_EnterConfigMode      0x800'b379     0xc  Code  Gb  stm32f10x_rtc.o [1]
RTC_ExitConfigMode       0x800'b385     0xe  Code  Gb  stm32f10x_rtc.o [1]
RTC_GetCounter           0x800'b393    0x14  Code  Gb  stm32f10x_rtc.o [1]
RTC_GetDateTime          0x800'd949   0x156  Code  Gb  rtc_.o [1]
RTC_GetITStatus          0x800'b3e9    0x26  Code  Gb  stm32f10x_rtc.o [1]
RTC_GetRTC_Counter       0x800'da9f    0x96  Code  Gb  rtc_.o [1]
RTC_IRQHandler           0x800'f03d    0x18  Code  Gb  stm32f10x_it.o [1]
RTC_Init                 0x800'd8cb    0x7e  Code  Gb  rtc_.o [1]
RTC_NVIC_Configuration   0x800'd8a1    0x2a  Code  Gb  rtc_.o [1]
RTC_SetCounter           0x800'b3a7    0x1a  Code  Gb  stm32f10x_rtc.o [1]
RTC_SetPrescaler         0x800'b3c1    0x1e  Code  Gb  stm32f10x_rtc.o [1]
RTC_WaitForLastTask      0x800'b3df     0xa  Code  Gb  stm32f10x_rtc.o [1]
ReadNum                 0x2000'052c     0x4  Data  Lc  diskio.o [1]
Region$$Table$$Base      0x800'f130           --   Gb  - Linker created -
Region$$Table$$Limit     0x800'f154           --   Gb  - Linker created -
Reset_Month_Measurements
                         0x800'9f49    0x6a  Code  Gb  Draw.o [1]
SDcard_GPIO_init         0x800'2f01    0x32  Code  Lc  diskio.o [1]
SDcard_PowerOff          0x800'2f4d    0x1c  Code  Lc  diskio.o [1]
SDcard_PowerOn           0x800'2f33    0x1a  Code  Lc  diskio.o [1]
SPI1_IRQHandler          0x800'396b    0xb2  Code  Gb  spim.o [1]
SPI2_IRQHandler          0x800'3a1d    0xb2  Code  Gb  spim.o [1]
SPI_Cmd                  0x800'3cef    0x1e  Code  Gb  stm32f10x_spi.o [1]
SPI_I2S_ClearITPendingBit
                         0x800'3db7    0x1a  Code  Gb  stm32f10x_spi.o [1]
SPI_I2S_GetFlagStatus    0x800'3d5f    0x14  Code  Gb  stm32f10x_spi.o [1]
SPI_I2S_GetITStatus      0x800'3d73    0x44  Code  Gb  stm32f10x_spi.o [1]
SPI_I2S_ITConfig         0x800'3d0d    0x2c  Code  Gb  stm32f10x_spi.o [1]
SPI_I2S_ReceiveData      0x800'3d3d     0x4  Code  Gb  stm32f10x_spi.o [1]
SPI_I2S_SendData         0x800'3d39     0x4  Code  Gb  stm32f10x_spi.o [1]
SPI_Init                 0x800'3cb1    0x3e  Code  Gb  stm32f10x_spi.o [1]
SPI_NSSInternalSoftwareConfig
                         0x800'3d41    0x1e  Code  Gb  stm32f10x_spi.o [1]
SPI_SendRecvByte         0x800'3937    0x34  Code  Gb  spim.o [1]
SPI_send8b               0x800'3903    0x34  Code  Gb  spim.o [1]
SPIx_current            0x2000'0570     0x4  Data  Gb  spim.o [1]
ST7789_Init              0x800'b7f9    0x94  Code  Gb  st7789.o [1]
ST77xx_ColorModeSet      0x800'ba73    0x14  Code  Gb  st77xx.o [1]
ST77xx_ColumnSet         0x800'b95d    0x5e  Code  Lc  st77xx.o [1]
ST77xx_DisplayPower      0x800'b941    0x1c  Code  Gb  st77xx.o [1]
ST77xx_DrawPixel         0x800'bb39    0x58  Code  Gb  st77xx.o [1]
ST77xx_FillRect          0x800'bb91    0x98  Code  Gb  st77xx.o [1]
ST77xx_FillScreen        0x800'bc29    0x24  Code  Gb  st77xx.o [1]
ST77xx_GPIO_init         0x800'bc4d    0x5c  Code  Gb  st77xx.o [1]
ST77xx_HardReset         0x800'b8d9    0x28  Code  Gb  st77xx.o [1]
ST77xx_Height           0x2000'05cd     0x1  Data  Gb  st77xx.o [1]
ST77xx_InversionMode     0x800'b925    0x1c  Code  Gb  st77xx.o [1]
ST77xx_MemAccessModeSet
                         0x800'ba87    0x94  Code  Gb  st77xx.o [1]
ST77xx_RamWrite          0x800'ba4b    0x28  Code  Gb  st77xx.o [1]
ST77xx_RowSet            0x800'b9bb    0x5e  Code  Lc  st77xx.o [1]
ST77xx_SendCmd           0x800'b88d    0x1e  Code  Gb  st77xx.o [1]
ST77xx_SendData          0x800'b8ab    0x1e  Code  Gb  st77xx.o [1]
ST77xx_SetWindow         0x800'ba19    0x32  Code  Gb  st77xx.o [1]
ST77xx_SleepMode         0x800'b901    0x24  Code  Gb  st77xx.o [1]
ST77xx_SoftReset         0x800'b8c9    0x10  Code  Gb  st77xx.o [1]
ST77xx_Width            0x2000'05cc     0x1  Data  Gb  st77xx.o [1]
ST77xx_X_Start          0x2000'05ce     0x1  Data  Gb  st77xx.o [1]
ST77xx_Y_Start          0x2000'05cf     0x1  Data  Gb  st77xx.o [1]
SVC_Handler              0x800'f027     0x2  Code  Gb  stm32f10x_it.o [1]
Save_Data                0x800'db79    0x98  Code  Gb  SD_Card.o [1]
Save_cntCurrentTime      0x800'ce2d    0x26  Code  Gb  main.o [1]
Save_cntMenuTime         0x800'ce53    0x26  Code  Gb  main.o [1]
Save_cntSleepTime        0x800'ce79    0x26  Code  Gb  main.o [1]
Save_data_water_expense
                         0x800'db59    0x20  Code  Gb  SD_Card.o [1]
SetSysClock              0x800'd5ef     0x8  Code  Lc  system_stm32f10x.o [1]
SetSysClockTo72          0x800'd5f7    0xb2  Code  Lc  system_stm32f10x.o [1]
Stat                    0x2000'0034     0x1  Data  Lc  diskio.o [1]
SysTickInit              0x800'd757    0x1e  Code  Gb  MCU_config.o [1]
SysTick_Config           0x800'd6ed    0x30  Code  Lc  MCU_config.o [1]
SysTick_Handler          0x800'f02d     0xa  Code  Gb  stm32f10x_it.o [1]
SystemInit               0x800'd5b5    0x3a  Code  Gb  system_stm32f10x.o [1]
TIM2_IRQHandler          0x800'be85    0x2a  Code  Gb  tmr2.o [1]
TIM3_IRQHandler          0x800'dcbf   0x21a  Code  Gb  tick_timer_isr.o [1]
TIM3_IRQHandler::First_sys_tick_cold
                        0x2000'058c     0x4  Data  Lc  tick_timer_isr.o [1]
TIM3_IRQHandler::First_sys_tick_warm
                        0x2000'0584     0x4  Data  Lc  tick_timer_isr.o [1]
TIM3_IRQHandler::Seconds_sys_tick_cold
                        0x2000'0588     0x4  Data  Lc  tick_timer_isr.o [1]
TIM3_IRQHandler::Seconds_sys_tick_warm
                        0x2000'0580     0x4  Data  Lc  tick_timer_isr.o [1]
TIM3_IRQHandler::cold_entries
                        0x2000'059c     0x4  Data  Lc  tick_timer_isr.o [1]
TIM3_IRQHandler::end_cold_measurements
                        0x2000'003b     0x1  Data  Lc  tick_timer_isr.o [1]
TIM3_IRQHandler::end_warm_measurements
                        0x2000'003a     0x1  Data  Lc  tick_timer_isr.o [1]
TIM3_IRQHandler::impulses_cold
                        0x2000'0594     0x4  Data  Lc  tick_timer_isr.o [1]
TIM3_IRQHandler::impulses_warm
                        0x2000'0590     0x4  Data  Lc  tick_timer_isr.o [1]
TIM3_IRQHandler::warm_entries
                        0x2000'0598     0x4  Data  Lc  tick_timer_isr.o [1]
TIM3_IRQHandler::zero_cold_speed_cnt
                        0x2000'05a4     0x4  Data  Lc  tick_timer_isr.o [1]
TIM3_IRQHandler::zero_warm_speed_cnt
                        0x2000'05a0     0x4  Data  Lc  tick_timer_isr.o [1]
TIM_BDTRConfig           0x800'c0dd    0x20  Code  Gb  stm32f10x_tim.o [1]
TIM_BDTRStructInit       0x800'c137    0x1e  Code  Gb  stm32f10x_tim.o [1]
TIM_ClearITPendingBit    0x800'c243     0xa  Code  Gb  stm32f10x_tim.o [1]
TIM_Cmd                  0x800'c155    0x1e  Code  Gb  stm32f10x_tim.o [1]
TIM_CtrlPWMOutputs       0x800'c173    0x24  Code  Gb  stm32f10x_tim.o [1]
TIM_GetITStatus          0x800'c215    0x2e  Code  Gb  stm32f10x_tim.o [1]
TIM_ITConfig             0x800'c197    0x18  Code  Gb  stm32f10x_tim.o [1]
TIM_OC1Init              0x800'befb    0x74  Code  Gb  stm32f10x_tim.o [1]
TIM_OC1PreloadConfig     0x800'c1af    0x14  Code  Gb  stm32f10x_tim.o [1]
TIM_OC2Init              0x800'bf6f    0x82  Code  Gb  stm32f10x_tim.o [1]
TIM_OC2PreloadConfig     0x800'c1c3    0x16  Code  Gb  stm32f10x_tim.o [1]
TIM_OC3Init              0x800'bff1    0x80  Code  Gb  stm32f10x_tim.o [1]
TIM_OC3PreloadConfig     0x800'c1d9    0x14  Code  Gb  stm32f10x_tim.o [1]
TIM_OC4Init              0x800'c071    0x62  Code  Gb  stm32f10x_tim.o [1]
TIM_OC4PreloadConfig     0x800'c1ed    0x16  Code  Gb  stm32f10x_tim.o [1]
TIM_OCStructInit         0x800'c115    0x22  Code  Gb  stm32f10x_tim.o [1]
TIM_SetCompare1          0x800'c203     0x4  Code  Gb  stm32f10x_tim.o [1]
TIM_SetCompare2          0x800'c207     0x4  Code  Gb  stm32f10x_tim.o [1]
TIM_SetCompare3          0x800'c20b     0x4  Code  Gb  stm32f10x_tim.o [1]
TIM_SetCompare4          0x800'c20f     0x6  Code  Gb  stm32f10x_tim.o [1]
TIM_TimeBaseInit         0x800'bec5    0x36  Code  Gb  stm32f10x_tim.o [1]
TIM_TimeBaseStructInit   0x800'c0fd    0x18  Code  Gb  stm32f10x_tim.o [1]
Test                    0x2000'05ac     0x4  Data  Gb  tmr2.o [1]
Timer2_Init              0x800'ded9    0x5e  Code  Gb  tick_timer_isr.o [1]
Timer3_Init              0x800'df37    0x3c  Code  Gb  tick_timer_isr.o [1]
UsageFault_Handler       0x800'f025     0x2  Code  Gb  stm32f10x_it.o [1]
WriteNum                0x2000'0530     0x4  Data  Lc  diskio.o [1]
WriteOut                0x2000'0018     0x8  Data  Gb  main.o [1]
Write_to_SD_Card         0x800'9fb3    0x6a  Code  Gb  Draw.o [1]
Write_to_Work_screen     0x800'981b   0x1b8  Code  Gb  Draw.o [1]
_GenldFullNoMb           0x800'8671   0x274  Code  Lc  xprintffull_nomb.o [2]
_LdtobFullNoMb           0x800'8245   0x400  Code  Lc  xprintffull_nomb.o [2]
_LitobFullNoMb           0x800'80ed   0x112  Code  Lc  xprintffull_nomb.o [2]
_PrintfFullNoMb          0x800'7b4d   0x19e  Code  Gb  xprintffull_nomb.o [2]
_PutcharsFullNoMb        0x800'88e5    0x2e  Code  Lc  xprintffull_nomb.o [2]
_PutfldFullNoMb          0x800'7d75   0x26c  Code  Lc  xprintffull_nomb.o [2]
_PuttxtFullNoMb          0x800'7fe1   0x10c  Code  Lc  xprintffull_nomb.o [2]
_SNProut                 0x800'8973    0x1a  Code  Gb  xsnprout.o [2]
__aeabi_cdcmple          0x800'8f61          Code  Gb  DblCmpLe.o [3]
__aeabi_cdrcmple         0x800'8f91          Code  Gb  DblCmpGe.o [3]
__aeabi_cfcmpeq          0x800'b265          Code  Gb  FltCmpEq.o [3]
__aeabi_cfrcmple         0x800'b281          Code  Gb  FltCmpGe.o [3]
__aeabi_d2iz             0x800'90fd          Code  Gb  DblToS32.o [3]
__aeabi_d2uiz            0x800'9489          Code  Gb  DblToU32.o [3]
__aeabi_ddiv             0x800'9241          Code  Gb  DblDiv.o [3]
__aeabi_dmul             0x800'8ca5          Code  Gb  DblMul.o [3]
__aeabi_dsub             0x800'915d          Code  Gb  DblSub.o [3]
__aeabi_f2iz             0x800'b7cd          Code  Gb  FltToS32.o [3]
__aeabi_f2uiz            0x800'b7a9          Code  Gb  FltToU32.o [3]
__aeabi_fadd             0x800'b551          Code  Gb  FltAdd.o [3]
__aeabi_fdiv             0x800'b455          Code  Gb  FltDiv.o [3]
__aeabi_fmul             0x800'b651          Code  Gb  FltMul.o [3]
__aeabi_fsub             0x800'b729          Code  Gb  FltSub.o [3]
__aeabi_i2d              0x800'9139          Code  Gb  S32ToDbl.o [3]
__aeabi_i2f              0x800'b431          Code  Gb  S32ToFlt.o [3]
__aeabi_ldiv0            0x800'94d1          Code  Gb  I64DivZer.o [4]
__aeabi_memcpy           0x800'8e49          Code  Gb  ABImemcpy.o [4]
__aeabi_memcpy4          0x800'8e69          Code  Gb  ABImemcpy.o [4]
__aeabi_memcpy8          0x800'8e69          Code  Gb  ABImemcpy.o [4]
__aeabi_ui2d             0x800'94b1          Code  Gb  U32ToDbl.o [3]
__aeabi_ui2f             0x800'b635          Code  Gb  U32ToFlt.o [3]
__aeabi_uldivmod         0x800'8a75          Code  Gb  I64DivMod.o [4]
__cmain                  0x800'f155          Code  Gb  cmain.o [4]
__exit                   0x800'9641    0x14  Code  Gb  exit.o [5]
__iar_Fail_s             0x800'89a5    0x1c  Code  Gb  xfail_s.o [2]
__iar_Memchr             0x800'8a1d          Code  Gb  memchr.o [4]
__iar_Strchr             0x800'898d          Code  Gb  strchr.o [4]
__iar_copy_init3         0x800'f0dd    0x2c  Code  Gb  copy_init3.o [4]
__iar_dadd               0x800'916d          Code  Gb  DblSub.o [3]
__iar_data_init3         0x800'f109    0x28  Code  Gb  data_init.o [4]
__iar_dsub               0x800'94d5          Code  Gb  DblAdd.o [3]
__iar_dsubStart          0x800'94e7          Code  Gb  DblAdd.o [3]
__iar_fadd               0x800'b735          Code  Gb  FltSub.o [3]
__iar_frexp              0x800'8efd          Code  Gb  frexp.o [3]
__iar_frexp64            0x800'8ef1          Code  Gb  frexp.o [3]
__iar_frexpl             0x800'8efd          Code  Gb  frexp.o [3]
__iar_fsub               0x800'b55d          Code  Gb  FltAdd.o [3]
__iar_fsubStart          0x800'b56d          Code  Gb  FltAdd.o [3]
__iar_ldexp64            0x800'8fc1          Code  Gb  ldexp.o [3]
__iar_program_start      0x800'f261          Code  Gb  cstartup_M.o [4]
__iar_scalbln64          0x800'8fc1          Code  Gb  ldexp.o [3]
__iar_scalbn64           0x800'8fc1          Code  Gb  ldexp.o [3]
__iar_zero_init3         0x800'2d5b    0x3a  Code  Gb  zero_init3.o [4]
__low_level_init         0x800'f173     0x4  Code  Gb  low_level_init.o [2]
__vector_table           0x800'0000          Data  Gb  startup_stm32f10x_md.o [1]
_call_main               0x800'f161          Code  Gb  cmain.o [4]
_exit                    0x800'f17d          Code  Gb  cexit.o [4]
_main                    0x800'f16f          Code  Gb  cmain.o [4]
abort                    0x800'94cb     0x6  Code  Gb  abort.o [2]
abs                      0x800'b30d     0x8  Code  Gb  abs.o [2]
change_bitmap            0x800'0799    0x9e  Code  Lc  ff.o [1]
check_fs                 0x800'2225    0x90  Code  Lc  ff.o [1]
chk_chr                  0x800'0287    0x14  Code  Lc  ff.o [1]
clear_wait_ms            0x800'3723     0x8  Code  Gb  delay.o [1]
clst2sect                0x800'040d    0x1c  Code  Lc  ff.o [1]
cmp_lfn                  0x800'0f43    0xaa  Code  Lc  ff.o [1]
cntCurrentTime          0x2000'0000     0x4  Data  Gb  main.o [1]
cntMenuTime             0x2000'0004     0x4  Data  Gb  main.o [1]
cntSleepTime            0x2000'0008     0x4  Data  Gb  main.o [1]
cntSpeedUnit            0x2000'0036     0x1  Data  Gb  main.o [1]
convert_current_char     0x800'aebd   0x114  Code  Gb  Convert.o [1]
convert_date_char        0x800'b135    0xcc  Code  Gb  Convert.o [1]
convert_mintime_char     0x800'b0c7    0x30  Code  Gb  Convert.o [1]
convert_month_char       0x800'acd5    0xde  Code  Gb  Convert.o [1]
convert_sectime_char     0x800'b0f7    0x3e  Code  Gb  Convert.o [1]
convert_speed_char       0x800'adb3   0x10a  Code  Gb  Convert.o [1]
convert_time_char        0x800'afd1    0x40  Code  Gb  Convert.o [1]
convert_year_char        0x800'b011    0xb6  Code  Gb  Convert.o [1]
create_chain             0x800'0a27   0x218  Code  Lc  ff.o [1]
create_name              0x800'1d7d   0x302  Code  Lc  ff.o [1]
create_xdir              0x800'15c3    0x9c  Code  Lc  ff.o [1]
currentMatrix           0x2000'05ca     0x1  Data  Gb  main.o [1]
current_cold_water      0x2000'0014     0x4  Data  Gb  main.o [1]
current_warm_water      0x2000'0558     0x4  Data  Gb  main.o [1]
dbc_1st                  0x800'029b    0x12  Code  Lc  ff.o [1]
dbc_2nd                  0x800'02ad    0x12  Code  Lc  ff.o [1]
decrement_line           0x800'a153    0x16  Code  Gb  Draw.o [1]
delay_ms                 0x800'370b    0x18  Code  Gb  delay.o [1]
delay_us                 0x800'36f1    0x1a  Code  Gb  delay.o [1]
depth                   0x2000'05c5     0x1  Data  Gb  main.o [1]
deselect                 0x800'2f9f    0x1a  Code  Lc  diskio.o [1]
dir_alloc                0x800'0e59    0x98  Code  Lc  ff.o [1]
dir_clear                0x800'0c3f    0x68  Code  Lc  ff.o [1]
dir_find                 0x800'179f   0x1c0  Code  Lc  ff.o [1]
dir_next                 0x800'0d6f    0xea  Code  Lc  ff.o [1]
dir_read                 0x800'165f   0x140  Code  Lc  ff.o [1]
dir_register             0x800'195f   0x262  Code  Lc  ff.o [1]
dir_sdi                  0x800'0ca7    0xc8  Code  Lc  ff.o [1]
disk_initialize          0x800'31db   0x186  Code  Gb  diskio.o [1]
disk_read                0x800'3361    0x9a  Code  Gb  diskio.o [1]
disk_status              0x800'30b7    0x16  Code  Gb  diskio.o [1]
disk_write               0x800'33fb    0xb8  Code  Gb  diskio.o [1]
disp_DrawPixel           0x800'b2c7    0x1a  Code  Gb  disp_common.o [1]
disp_FillRect            0x800'b2e1    0x2c  Code  Gb  disp_common.o [1]
disp_FillScreen          0x800'b2b9     0xe  Code  Gb  disp_common.o [1]
disp_Init                0x800'b2a5    0x14  Code  Gb  disp_common.o [1]
dispcolor_ClearScreen    0x800'a30d     0xa  Code  Gb  dispcolor.o [1]
dispcolor_DrawChar       0x800'a8b9    0x36  Code  Gb  dispcolor.o [1]
dispcolor_DrawChar_Bg    0x800'a8ef    0x38  Code  Gb  dispcolor.o [1]
dispcolor_DrawChar_General
                         0x800'a571   0x348  Code  Lc  dispcolor.o [1]
dispcolor_DrawCircleFilled
                         0x800'a4b1    0xc0  Code  Gb  dispcolor.o [1]
dispcolor_DrawLine       0x800'a3e1    0xd0  Code  Gb  dispcolor.o [1]
dispcolor_DrawLine_Slow
                         0x800'a317    0xca  Code  Lc  dispcolor.o [1]
dispcolor_DrawPixel      0x800'a2b9    0x1a  Code  Gb  dispcolor.o [1]
dispcolor_DrawString     0x800'a9e1    0x34  Code  Gb  dispcolor.o [1]
dispcolor_DrawString_General
                         0x800'a927    0xba  Code  Lc  dispcolor.o [1]
dispcolor_FillRect       0x800'a2d3    0x2c  Code  Gb  dispcolor.o [1]
dispcolor_FillScreen     0x800'a2ff     0xe  Code  Gb  dispcolor.o [1]
dispcolor_Init           0x800'a2a1    0x18  Code  Gb  dispcolor.o [1]
dispcolor_printf         0x800'aa15    0x42  Code  Gb  dispcolor.o [1]
exit                     0x800'f177     0x4  Code  Gb  exit.o [2]
f10x16f_GetCharTable     0x800'f1f9    0x10  Code  Gb  f16f.o [1]
f10x16f_table            0x800'3e14  0x2200  Data  Gb  f16f.o [1]
f24f_GetCharTable        0x800'f085    0x2c  Code  Gb  f24f.o [1]
f24f_table               0x800'e988   0x228  Data  Gb  f24f.o [1]
f32f_GetCharTable        0x800'f0b1    0x2c  Code  Gb  f32f.o [1]
f32f_table               0x800'e290   0x6f8  Data  Gb  f32f.o [1]
f64f_GetCharTable        0x800'f055    0x30  Code  Gb  f64f.o [1]
f64f_table               0x800'6014  0x1b38  Data  Gb  f64f.o [1]
f6x8m_GetCharTable       0x800'f209    0x10  Code  Gb  f6x8m.o [1]
f6x8m_table              0x800'c24c   0xa00  Data  Gb  f6x8m.o [1]
f_chdir                  0x800'2b81    0xbc  Code  Gb  ff.o [1]
f_mount                  0x800'27cf    0x56  Code  Gb  ff.o [1]
f_open                   0x800'2845   0x322  Code  Gb  ff.o [1]
f_opendir                0x800'2c3d    0xb4  Code  Gb  ff.o [1]
f_readdir                0x800'2cf1    0x6a  Code  Gb  ff.o [1]
ff_oem2uni               0x800'2de1    0x40  Code  Gb  ffunicode.o [1]
ff_uni2oem               0x800'2d95    0x4c  Code  Gb  ffunicode.o [1]
ff_wtoupper              0x800'2e21    0xd4  Code  Gb  ffunicode.o [1]
ff_wtoupper::cvt1        0x800'ebb0   0x1f4  Data  Lc  ffunicode.o [1]
ff_wtoupper::cvt2        0x800'eea4    0xbc  Data  Lc  ffunicode.o [1]
fill_first_frag          0x800'0837    0x3e  Code  Lc  ff.o [1]
fill_last_frag           0x800'0875    0x46  Code  Lc  ff.o [1]
find_bitmap              0x800'06e3    0xb6  Code  Lc  ff.o [1]
find_volume              0x800'22b9   0x4cc  Code  Lc  ff.o [1]
flag_Done_Exit          0x2000'0038     0x1  Data  Gb  main.o [1]
flag_Show_Measurements  0x2000'0039     0x1  Data  Gb  main.o [1]
flag_in_sleep           0x2000'05c9     0x1  Data  Gb  main.o [1]
flag_pressed_button     0x2000'05c6     0x1  Data  Gb  main.o [1]
flag_show_main_screen   0x2000'05c7     0x1  Data  Gb  main.o [1]
flag_write_SDcard       0x2000'05c8     0x1  Data  Gb  main.o [1]
follow_path              0x800'207f   0x144  Code  Lc  ff.o [1]
font_GetCharHeight       0x800'b335     0x6  Code  Gb  font.o [1]
font_GetCharWidth        0x800'b331     0x4  Code  Gb  font.o [1]
font_GetFontStruct       0x800'b315    0x18  Code  Gb  font.o [1]
font_table_funcs         0x800'f1c4    0x14  Data  Gb  font.o [1]
frexp                    0x800'8ef1          Code  Gb  frexp.o [3]
frexpl                   0x800'8ef1          Code  Gb  frexp.o [3]
func_MENU                0x800'cf85    0xb2  Code  Gb  main.o [1]
func_resettime           0x800'ab81   0x154  Code  Gb  Convert.o [1]
func_resettime::p       0x2000'0520     0x4  Data  Lc  Convert.o [1]
gen_numname              0x800'110d    0xde  Code  Lc  ff.o [1]
get_fat                  0x800'0429   0x184  Code  Lc  ff.o [1]
get_fattime              0x800'00ed    0x2a  Code  Gb  ff.o [1]
get_fileinfo             0x800'1bc1   0x1bc  Code  Lc  ff.o [1]
get_ldnumber             0x800'21c3    0x62  Code  Lc  ff.o [1]
get_xfileinfo            0x800'129d    0xf4  Code  Lc  ff.o [1]
gpio_PortClockStart      0x800'34cd    0x76  Code  Gb  gpio.o [1]
impulses_cold_speed     0x2000'0544     0x4  Data  Gb  main.o [1]
impulses_cold_water     0x2000'053c     0x4  Data  Gb  main.o [1]
impulses_warm_speed     0x2000'0540     0x4  Data  Gb  main.o [1]
impulses_warm_water     0x2000'0538     0x4  Data  Gb  main.o [1]
increment_depth          0x800'a16d    0x96  Code  Gb  Draw.o [1]
increment_line           0x800'a13d    0x16  Code  Gb  Draw.o [1]
init_alloc_info          0x800'14d1    0x2e  Code  Lc  ff.o [1]
ld_clust                 0x800'0ef1    0x28  Code  Lc  ff.o [1]
ld_dword                 0x800'0125    0x18  Code  Lc  ff.o [1]
ld_qword                 0x800'013d    0x7c  Code  Lc  ff.o [1]
ld_word                  0x800'0117     0xe  Code  Lc  ff.o [1]
ldexp                    0x800'8fc1          Code  Gb  ldexp.o [3]
ldexpl                   0x800'8fc1          Code  Gb  ldexp.o [3]
line                    0x2000'0037     0x1  Data  Gb  main.o [1]
load_obj_xdir            0x800'14ff    0x46  Code  Lc  ff.o [1]
load_xdir                0x800'1391   0x140  Code  Lc  ff.o [1]
main                     0x800'cc4d   0x1e0  Code  Gb  main.o [1]
make_current_water       0x800'aa59   0x128  Code  Gb  Convert.o [1]
mem_cmp                  0x800'0263    0x24  Code  Lc  ff.o [1]
mem_cpy                  0x800'0239    0x1c  Code  Lc  ff.o [1]
mem_set                  0x800'0255     0xe  Code  Lc  ff.o [1]
memchr                   0x800'8a1d          Code  Gb  memchr.o [4]
menu                     0x800'd037   0x510  Code  Gb  main.o [1]
month_cold_water        0x2000'054c     0x4  Data  Gb  main.o [1]
month_warm_water        0x2000'0548     0x4  Data  Gb  main.o [1]
move_window              0x800'03c7    0x42  Code  Lc  ff.o [1]
msResetFlag             0x2000'05c2     0x1  Data  Gb  delay.o [1]
msResetFlag_ch          0x2000'04f8    0x10  Data  Gb  delay.o [1]
msWaitTime_ch           0x2000'049c    0x40  Data  Gb  delay.o [1]
pSPI_RxBuff             0x2000'0578     0x4  Data  Lc  spim.o [1]
pSPI_TxBuff             0x2000'0574     0x4  Data  Lc  spim.o [1]
pcurrent_cold_water     0x2000'0564     0x4  Data  Gb  main.o [1]
pcurrent_warm_water     0x2000'0568     0x4  Data  Gb  main.o [1]
pick_lfn                 0x800'0fed    0x8a  Code  Lc  ff.o [1]
pmonth_cold_water       0x2000'0550     0x4  Data  Gb  main.o [1]
pmonth_warm_water       0x2000'0554     0x4  Data  Gb  main.o [1]
pspeed_cold_water       0x2000'055c     0x4  Data  Gb  main.o [1]
pspeed_warm_water       0x2000'0560     0x4  Data  Gb  main.o [1]
put_fat                  0x800'05ad   0x136  Code  Lc  ff.o [1]
put_lfn                  0x800'1077    0x90  Code  Lc  ff.o [1]
put_utf                  0x800'0325    0x50  Code  Lc  ff.o [1]
rcvr_datablock           0x800'30cd    0x9e  Code  Lc  diskio.o [1]
readBtnSetup             0x800'dc29    0x36  Code  Gb  button.o [1]
readBtnSetup::_btn      0x2000'05bc     0x1  Data  Lc  button.o [1]
readBtnSetupMatrix       0x800'dc5f    0x36  Code  Gb  button.o [1]
readBtnSetupMatrix::currentKey
                        0x2000'05bf     0x1  Data  Lc  button.o [1]
readBtnSetupMatrix::newKey
                        0x2000'05bd     0x1  Data  Lc  button.o [1]
readBtnSetupMatrix::oldKey
                        0x2000'05be     0x1  Data  Lc  button.o [1]
reload_data             0x2000'05b6     0x2  Data  Gb  main.o [1]
remove_chain             0x800'08bb   0x16c  Code  Lc  ff.o [1]
reset_wait_ms_ch         0x800'372b    0x14  Code  Gb  delay.o [1]
scalbln                  0x800'8fc1          Code  Gb  ldexp.o [3]
scalblnl                 0x800'8fc1          Code  Gb  ldexp.o [3]
scalbn                   0x800'8fc1          Code  Gb  ldexp.o [3]
scalbnl                  0x800'8fc1          Code  Gb  ldexp.o [3]
scale                    0x800'81ff    0x46  Code  Lc  xprintffull_nomb.o [2]
sec_hand                0x2000'05b0     0x4  Data  Lc  xfail_s.o [2]
select                   0x800'2fb9    0x2c  Code  Lc  diskio.o [1]
send_cmd                 0x800'2fe5    0xd2  Code  Lc  diskio.o [1]
speed_cold_water        0x2000'000c     0x4  Data  Gb  main.o [1]
speed_warm_water        0x2000'0010     0x4  Data  Gb  main.o [1]
spi_endfunc             0x2000'056c     0x4  Data  Gb  spim.o [1]
spim_GPIO_init           0x800'37cd    0x88  Code  Gb  spim.o [1]
spim_IsBisy             0x2000'05cb     0x1  Data  Gb  spim.o [1]
spim_Len                0x2000'05b8     0x2  Data  Gb  spim.o [1]
spim_LenTx              0x2000'05ba     0x2  Data  Gb  spim.o [1]
spim_init                0x800'3855    0xae  Code  Gb  spim.o [1]
st77xx_SetBL             0x800'bb1b    0x1e  Code  Gb  st77xx.o [1]
st_clust                 0x800'0f19    0x2a  Code  Lc  ff.o [1]
st_dword                 0x800'01c7    0x18  Code  Lc  ff.o [1]
st_qword                 0x800'01df    0x5a  Code  Lc  ff.o [1]
st_word                  0x800'01b9     0xe  Code  Lc  ff.o [1]
start_cold_measurements
                        0x2000'05c1     0x1  Data  Gb  Convert.o [1]
start_warm_measurements
                        0x2000'05c0     0x1  Data  Gb  Convert.o [1]
store_xdir               0x800'1545    0x7e  Code  Lc  ff.o [1]
strchr                   0x800'898d          Code  Gb  strchr.o [4]
strlen                   0x800'89e5          Code  Gb  strlen.o [4]
strstr                   0x800'e19d    0x30  Code  Gb  strstr.o [2]
sum_sfn                  0x800'11eb    0x20  Code  Lc  ff.o [1]
sync_window              0x800'0375    0x52  Code  Lc  ff.o [1]
tchar2uni                0x800'02bf    0x66  Code  Lc  ff.o [1]
ticks_1ms               0x2000'057c     0x4  Data  Gb  systick_timer.o [1]
tmr2_PWM_init            0x800'bcc1   0x170  Code  Gb  tmr2.o [1]
tmr2_PWM_set             0x800'be31    0x54  Code  Gb  tmr2.o [1]
tmr2_handler            0x2000'05a8     0x4  Data  Gb  tmr2.o [1]
uc866                    0x800'eda4   0x100  Data  Lc  ffunicode.o [1]
validate                 0x800'2785    0x4a  Code  Lc  ff.o [1]
vsnprintf                0x800'b33d    0x3c  Code  Gb  vsnprint.o [2]
wait_ms_ch               0x800'373f    0x7a  Code  Gb  delay.o [1]
wait_ms_ch::end         0x2000'0528     0x4  Data  Lc  delay.o [1]
wait_ms_ch::start       0x2000'0524     0x4  Data  Lc  delay.o [1]
wait_ready               0x800'2f69    0x36  Code  Lc  diskio.o [1]
xdir_sum                 0x800'120b    0x3c  Code  Lc  ff.o [1]
xmit_datablock           0x800'316b    0x70  Code  Lc  diskio.o [1]
xname_sum                0x800'1247    0x56  Code  Lc  ff.o [1]


[1] = D:\STM\WaterMeter\Debug\Obj
[2] = dl7M_tln.a
[3] = m7M_tl.a
[4] = rt7M_tl.a
[5] = shb_l.a

  40 346 bytes of readonly  code memory
  22 042 bytes of readonly  data memory
   3 536 bytes of readwrite data memory

Errors: none
Warnings: none
